python : 
INFO:__main__:
At line:1 char:1
+ python 
test_v10_logic.py > 
test_output.txt 2>&1
+ ~~~~~~~~~~~~~~~~~~~
~~~~~~~~~~~~~~~~~~~~~
~~~~~~~
    + CategoryInfo   
           : 
NotSpecified: (I    N
FO:__main__::String) 
    [], 
RemoteException
    + 
FullyQualifiedError  
  Id : 
NativeCommandErr    
or
 
--- Running Build ---
INFO:__main__:Prompt 
sent to LLM:
User Message: "\u0639
\u0627\u0648\u0632 \u
0627\u0628\u0642\u064
9 \u062f\u0627\u062a\
u0627 \u0627\u0646\u0
627\u0644\u064a\u0633
\u062a"
Intent identified: 
CAREER_GUIDANCE
Target Role: Data 
Analyst

RETRIEVED DATA (Only 
use this):
retrieved_catalog_cou
rses: [{'course_id': 
'c1', 'title': 'SQL 
Maste...
ERROR:backend.pipelin
e.response_builder:Re
sponse building 
failed: 
"CourseDetail" 
object has no field 
"fit"
Traceback (most 
recent call last):
  File "H:\Career 
Copilot RAG\backend\p
ipeline\response_buil
der.py", line 460, 
in build
    c_copy.fit = 
rc.get("fit", "core")
    ^^^^^^^^^^
  File "C:\Users\User
\miniconda3\Lib\site-
packages\pydantic\mai
n.py", line 1032, in 
__setattr__
    elif 
(setattr_handler := s
elf._setattr_handler(
name, value)) is not 
None:
                     
        ~~~~~~~~~~~~~
~~~~~~~~^^^^^^^^^^^^^
  File "C:\Users\User
\miniconda3\Lib\site-
packages\pydantic\mai
n.py", line 1079, in 
_setattr_handler
    raise ValueError(
f'"{cls.__name__}" 
object has no field 
"{name}"')
ValueError: 
"CourseDetail" 
object has no field 
"fit"
Traceback (most 
recent call last):
  File "H:\Career 
Copilot RAG\test_v10_
logic.py", line 101, 
in <module>
    asyncio.run(test_
v10_logic())
    ~~~~~~~~~~~^^^^^^
^^^^^^^^^^^^
  File "C:\Users\User
\miniconda3\Lib\async
io\runners.py", line 
195, in run
    return 
runner.run(main)
           
~~~~~~~~~~^^^^^^
  File "C:\Users\User
\miniconda3\Lib\async
io\runners.py", line 
118, in run
    return self._loop
.run_until_complete(t
ask)
           ~~~~~~~~~~
~~~~~~~~~~~~~~~~~~~^^
^^^^
  File "C:\Users\User
\miniconda3\Lib\async
io\base_events.py", 
line 725, in 
run_until_complete
    return 
future.result()
           
~~~~~~~~~~~~~^^
  File "H:\Career 
Copilot RAG\test_v10_
logic.py", line 73, 
in test_v10_logic
    print(f"DEBUG: 
Answer = '{answer}'")
    ~~~~~^^^^^^^^^^^^
^^^^^^^^^^^^^^^^^^^
  File "C:\Users\User
\miniconda3\Lib\encod
ings\cp1252.py", 
line 19, in encode
    return codecs.cha
rmap_encode(input,sel
f.errors,encoding_tab
le)[0]
           ~~~~~~~~~~
~~~~~~~~~~~^^^^^^^^^^
^^^^^^^^^^^^^^^^^^^^^
^^^
UnicodeEncodeError: 
'charmap' codec 
can't encode 
characters in 
position 17-22: 
character maps to 
<undefined>
